// Jest Snapshot v1, https://goo.gl/fbAQLP

exports[`expect to render CardList component 1`] = `
<div>
  <Card
    email="test.user@gmail.com"
    id={1}
    key="1"
    name="Test user"
  />
</div>
`;
