// Jest Snapshot v1, https://goo.gl/fbAQLP

exports[`expect to render SearchBox component 1`] = `
<div
  className="pa2 ma4"
>
  <input
    className="pa3 ba b--green bg-lightest-blue"
    placeholder="Search robots..."
    type="search"
    value="test"
  />
</div>
`;
